// Jest Snapshot v1, https://goo.gl/fbAQLP

exports[`should render ExpenseList corectly 1`] = `
<div>
  <h1>
    Expense List
  </h1>
  <ExpenseListItem
    amount={210}
    createdAt={0}
    description="opis1"
    id={1}
    key="1"
    note=""
  />
  <ExpenseListItem
    amount={2320}
    createdAt={[Function]}
    description="Rent"
    id={2}
    key="2"
    note=""
  />
  <ExpenseListItem
    amount={1210}
    createdAt={[Function]}
    description="Credit card"
    id={3}
    key="3"
    note=""
  />
</div>
`;

exports[`should render ExpenseList with empty message 1`] = `
<div>
  <h1>
    Expense List
  </h1>
  <ExpenseListItem
    amount={210}
    createdAt={0}
    description="opis1"
    id={1}
    key="1"
    note=""
  />
  <ExpenseListItem
    amount={2320}
    createdAt={[Function]}
    description="Rent"
    id={2}
    key="2"
    note=""
  />
  <ExpenseListItem
    amount={1210}
    createdAt={[Function]}
    description="Credit card"
    id={3}
    key="3"
    note=""
  />
</div>
`;
